Building TheNightWindow.softn bundle...
Served copy:    demos/TheNightWindow.softn
Served icon:    demos/icons/TheNightWindow.svg
Bundle created: /mnt/data/TheNightWindow/verification/upstream/apps/demo/bundles/TheNightWindow.softn
Size: 3668.05 KB
Contents:
  - manifest.json
  - permission.json
  - ui/main.ui
  - ui/menu.ui
  - ui/desk.ui
  - ui/terminal.ui
  - ui/story.ui
  - ui/settings.ui
  - logic/residents.logic
  - logic/anomalies.logic
  - logic/nights.logic
  - logic/campaign.logic
  - logic/rules.logic
  - logic/documents.logic
  - logic/arcade.logic
  - logic/endings.logic
  - logic/save.logic
  - logic/main.logic
  - assets/icon.svg
  - assets/portraits/ada/anxious.svg
  - assets/portraits/ada/bandage.svg
  - assets/portraits/ada/base.svg
  - assets/portraits/ada/defensive.svg
  - assets/portraits/ada/ear.svg
  - assets/portraits/ada/eye.svg
  - assets/portraits/ada/hand.svg
  - assets/portraits/ada/mole.svg
  - assets/portraits/ada/open.svg
  - assets/portraits/ada/pupil.svg
  - assets/portraits/ada/reflection.svg
  - assets/portraits/ada/scar.svg
  - assets/portraits/ada/shadow.svg
  - assets/portraits/ada/teeth.svg
  - assets/portraits/ada/temperature.svg
  - assets/portraits/anja/anxious.svg
  - assets/portraits/anja/bandage.svg
  - assets/portraits/anja/base.svg
  - assets/portraits/anja/defensive.svg
  - assets/portraits/anja/ear.svg
  - assets/portraits/anja/eye.svg
  - assets/portraits/anja/hand.svg
  - assets/portraits/anja/mole.svg
  - assets/portraits/anja/open.svg
  - assets/portraits/anja/pupil.svg
  - assets/portraits/anja/reflection.svg
  - assets/portraits/anja/scar.svg
  - assets/portraits/anja/shadow.svg
  - assets/portraits/anja/teeth.svg
  - assets/portraits/anja/temperature.svg
  - assets/portraits/bea/anxious.svg
  - assets/portraits/bea/bandage.svg
  - assets/portraits/bea/base.svg
  - assets/portraits/bea/defensive.svg
  - assets/portraits/bea/ear.svg
  - assets/portraits/bea/eye.svg
  - assets/portraits/bea/hand.svg
  - assets/portraits/bea/mole.svg
  - assets/portraits/bea/open.svg
  - assets/portraits/bea/pupil.svg
  - assets/portraits/bea/reflection.svg
  - assets/portraits/bea/scar.svg
  - assets/portraits/bea/shadow.svg
  - assets/portraits/bea/teeth.svg
  - assets/portraits/bea/temperature.svg
  - assets/portraits/celia/anxious.svg
  - assets/portraits/celia/bandage.svg
  - assets/portraits/celia/base.svg
  - assets/portraits/celia/defensive.svg
  - assets/portraits/celia/ear.svg
  - assets/portraits/celia/eye.svg
  - assets/portraits/celia/hand.svg
  - assets/portraits/celia/mole.svg
  - assets/portraits/celia/open.svg
  - assets/portraits/celia/pupil.svg
  - assets/portraits/celia/reflection.svg
  - assets/portraits/celia/scar.svg
  - assets/portraits/celia/shadow.svg
  - assets/portraits/celia/teeth.svg
  - assets/portraits/celia/temperature.svg
  - assets/portraits/dalia/anxious.svg
  - assets/portraits/dalia/bandage.svg
  - assets/portraits/dalia/base.svg
  - assets/portraits/dalia/defensive.svg
  - assets/portraits/dalia/ear.svg
  - assets/portraits/dalia/eye.svg
  - assets/portraits/dalia/hand.svg
  - assets/portraits/dalia/mole.svg
  - assets/portraits/dalia/open.svg
  - assets/portraits/dalia/pupil.svg
  - assets/portraits/dalia/reflection.svg
  - assets/portraits/dalia/scar.svg
  - assets/portraits/dalia/shadow.svg
  - assets/portraits/dalia/teeth.svg
  - assets/portraits/dalia/temperature.svg
  - assets/portraits/emil/anxious.svg
  - assets/portraits/emil/bandage.svg
  - assets/portraits/emil/base.svg
  - assets/portraits/emil/defensive.svg
  - assets/portraits/emil/ear.svg
  - assets/portraits/emil/eye.svg
  - assets/portraits/emil/hand.svg
  - assets/portraits/emil/mole.svg
  - assets/portraits/emil/open.svg
  - assets/portraits/emil/pupil.svg
  - assets/portraits/emil/reflection.svg
  - assets/portraits/emil/scar.svg
  - assets/portraits/emil/shadow.svg
  - assets/portraits/emil/teeth.svg
  - assets/portraits/emil/temperature.svg
  - assets/portraits/hadi/anxious.svg
  - assets/portraits/hadi/bandage.svg
  - assets/portraits/hadi/base.svg
  - assets/portraits/hadi/defensive.svg
  - assets/portraits/hadi/ear.svg
  - assets/portraits/hadi/eye.svg
  - assets/portraits/hadi/hand.svg
  - assets/portraits/hadi/mole.svg
  - assets/portraits/hadi/open.svg
  - assets/portraits/hadi/pupil.svg
  - assets/portraits/hadi/reflection.svg
  - assets/portraits/hadi/scar.svg
  - assets/portraits/hadi/shadow.svg
  - assets/portraits/hadi/teeth.svg
  - assets/portraits/hadi/temperature.svg
  - assets/portraits/ivo/anxious.svg
  - assets/portraits/ivo/bandage.svg
  - assets/portraits/ivo/base.svg
  - assets/portraits/ivo/defensive.svg
  - assets/portraits/ivo/ear.svg
  - assets/portraits/ivo/eye.svg
  - assets/portraits/ivo/hand.svg
  - assets/portraits/ivo/mole.svg
  - assets/portraits/ivo/open.svg
  - assets/portraits/ivo/pupil.svg
  - assets/portraits/ivo/reflection.svg
  - assets/portraits/ivo/scar.svg
  - assets/portraits/ivo/shadow.svg
  - assets/portraits/ivo/teeth.svg
  - assets/portraits/ivo/temperature.svg
  - assets/portraits/june/anxious.svg
  - assets/portraits/june/bandage.svg
  - assets/portraits/june/base.svg
  - assets/portraits/june/defensive.svg
  - assets/portraits/june/ear.svg
  - assets/portraits/june/eye.svg
  - assets/portraits/june/hand.svg
  - assets/portraits/june/mole.svg
  - assets/portraits/june/open.svg
  - assets/portraits/june/pupil.svg
  - assets/portraits/june/reflection.svg
  - assets/portraits/june/scar.svg
  - assets/portraits/june/shadow.svg
  - assets/portraits/june/teeth.svg
  - assets/portraits/june/temperature.svg
  - assets/portraits/leon/anxious.svg
  - assets/portraits/leon/bandage.svg
  - assets/portraits/leon/base.svg
  - assets/portraits/leon/defensive.svg
  - assets/portraits/leon/ear.svg
  - assets/portraits/leon/eye.svg
  - assets/portraits/leon/hand.svg
  - assets/portraits/leon/mole.svg
  - assets/portraits/leon/open.svg
  - assets/portraits/leon/pupil.svg
  - assets/portraits/leon/reflection.svg
  - assets/portraits/leon/scar.svg
  - assets/portraits/leon/shadow.svg
  - assets/portraits/leon/teeth.svg
  - assets/portraits/leon/temperature.svg
  - assets/portraits/lio/anxious.svg
  - assets/portraits/lio/bandage.svg
  - assets/portraits/lio/base.svg
  - assets/portraits/lio/defensive.svg
  - assets/portraits/lio/ear.svg
  - assets/portraits/lio/eye.svg
  - assets/portraits/lio/hand.svg
  - assets/portraits/lio/mole.svg
  - assets/portraits/lio/open.svg
  - assets/portraits/lio/pupil.svg
  - assets/portraits/lio/reflection.svg
  - assets/portraits/lio/scar.svg
  - assets/portraits/lio/shadow.svg
  - assets/portraits/lio/teeth.svg
  - assets/portraits/lio/temperature.svg
  - assets/portraits/mara/anxious.svg
  - assets/portraits/mara/bandage.svg
  - assets/portraits/mara/base.svg
  - assets/portraits/mara/defensive.svg
  - assets/portraits/mara/ear.svg
  - assets/portraits/mara/eye.svg
  - assets/portraits/mara/hand.svg
  - assets/portraits/mara/mole.svg
  - assets/portraits/mara/open.svg
  - assets/portraits/mara/pupil.svg
  - assets/portraits/mara/reflection.svg
  - assets/portraits/mara/scar.svg
  - assets/portraits/mara/shadow.svg
  - assets/portraits/mara/teeth.svg
  - assets/portraits/mara/temperature.svg
  - assets/portraits/micah/anxious.svg
  - assets/portraits/micah/bandage.svg
  - assets/portraits/micah/base.svg
  - assets/portraits/micah/defensive.svg
  - assets/portraits/micah/ear.svg
  - assets/portraits/micah/eye.svg
  - assets/portraits/micah/hand.svg
  - assets/portraits/micah/mole.svg
  - assets/portraits/micah/open.svg
  - assets/portraits/micah/pupil.svg
  - assets/portraits/micah/reflection.svg
  - assets/portraits/micah/scar.svg
  - assets/portraits/micah/shadow.svg
  - assets/portraits/micah/teeth.svg
  - assets/portraits/micah/temperature.svg
  - assets/portraits/nessa/anxious.svg
  - assets/portraits/nessa/bandage.svg
  - assets/portraits/nessa/base.svg
  - assets/portraits/nessa/defensive.svg
  - assets/portraits/nessa/ear.svg
  - assets/portraits/nessa/eye.svg
  - assets/portraits/nessa/hand.svg
  - assets/portraits/nessa/mole.svg
  - assets/portraits/nessa/open.svg
  - assets/portraits/nessa/pupil.svg
  - assets/portraits/nessa/reflection.svg
  - assets/portraits/nessa/scar.svg
  - assets/portraits/nessa/shadow.svg
  - assets/portraits/nessa/teeth.svg
  - assets/portraits/nessa/temperature.svg
  - assets/portraits/orin/anxious.svg
  - assets/portraits/orin/bandage.svg
  - assets/portraits/orin/base.svg
  - assets/portraits/orin/defensive.svg
  - assets/portraits/orin/ear.svg
  - assets/portraits/orin/eye.svg
  - assets/portraits/orin/hand.svg
  - assets/portraits/orin/mole.svg
  - assets/portraits/orin/open.svg
  - assets/portraits/orin/pupil.svg
  - assets/portraits/orin/reflection.svg
  - assets/portraits/orin/scar.svg
  - assets/portraits/orin/shadow.svg
  - assets/portraits/orin/teeth.svg
  - assets/portraits/orin/temperature.svg
  - assets/portraits/pavel/anxious.svg
  - assets/portraits/pavel/bandage.svg
  - assets/portraits/pavel/base.svg
  - assets/portraits/pavel/defensive.svg
  - assets/portraits/pavel/ear.svg
  - assets/portraits/pavel/eye.svg
  - assets/portraits/pavel/hand.svg
  - assets/portraits/pavel/mole.svg
  - assets/portraits/pavel/open.svg
  - assets/portraits/pavel/pupil.svg
  - assets/portraits/pavel/reflection.svg
  - assets/portraits/pavel/scar.svg
  - assets/portraits/pavel/shadow.svg
  - assets/portraits/pavel/teeth.svg
  - assets/portraits/pavel/temperature.svg
  - assets/portraits/ruth/anxious.svg
  - assets/portraits/ruth/bandage.svg
  - assets/portraits/ruth/base.svg
  - assets/portraits/ruth/defensive.svg
  - assets/portraits/ruth/ear.svg
  - assets/portraits/ruth/eye.svg
  - assets/portraits/ruth/hand.svg
  - assets/portraits/ruth/mole.svg
  - assets/portraits/ruth/open.svg
  - assets/portraits/ruth/pupil.svg
  - assets/portraits/ruth/reflection.svg
  - assets/portraits/ruth/scar.svg
  - assets/portraits/ruth/shadow.svg
  - assets/portraits/ruth/teeth.svg
  - assets/portraits/ruth/temperature.svg
  - assets/portraits/selene/anxious.svg
  - assets/portraits/selene/bandage.svg
  - assets/portraits/selene/base.svg
  - assets/portraits/selene/defensive.svg
  - assets/portraits/selene/ear.svg
  - assets/portraits/selene/eye.svg
  - assets/portraits/selene/hand.svg
  - assets/portraits/selene/mole.svg
  - assets/portraits/selene/open.svg
  - assets/portraits/selene/pupil.svg
  - assets/portraits/selene/reflection.svg
  - assets/portraits/selene/scar.svg
  - assets/portraits/selene/shadow.svg
  - assets/portraits/selene/teeth.svg
  - assets/portraits/selene/temperature.svg
  - assets/portraits/tomas/anxious.svg
  - assets/portraits/tomas/bandage.svg
  - assets/portraits/tomas/base.svg
  - assets/portraits/tomas/defensive.svg
  - assets/portraits/tomas/ear.svg
  - assets/portraits/tomas/eye.svg
  - assets/portraits/tomas/hand.svg
  - assets/portraits/tomas/mole.svg
  - assets/portraits/tomas/open.svg
  - assets/portraits/tomas/pupil.svg
  - assets/portraits/tomas/reflection.svg
  - assets/portraits/tomas/scar.svg
  - assets/portraits/tomas/shadow.svg
  - assets/portraits/tomas/teeth.svg
  - assets/portraits/tomas/temperature.svg
  - assets/portraits/victor/anxious.svg
  - assets/portraits/victor/bandage.svg
  - assets/portraits/victor/base.svg
  - assets/portraits/victor/defensive.svg
  - assets/portraits/victor/ear.svg
  - assets/portraits/victor/eye.svg
  - assets/portraits/victor/hand.svg
  - assets/portraits/victor/mole.svg
  - assets/portraits/victor/open.svg
  - assets/portraits/victor/pupil.svg
  - assets/portraits/victor/reflection.svg
  - assets/portraits/victor/scar.svg
  - assets/portraits/victor/shadow.svg
  - assets/portraits/victor/teeth.svg
  - assets/portraits/victor/temperature.svg
  - assets/scenes/dawn.svg
  - assets/scenes/garden.svg
  - assets/scenes/radio.svg
  - assets/scenes/rain.svg
  - assets/scenes/sealed.svg
  - assets/scenes/title.svg
  - assets/scenes/ward.svg
  - assets/sfx/alarm.wav
  - assets/sfx/arrival.wav
  - assets/sfx/camera.wav
  - assets/sfx/click.wav
  - assets/sfx/contain.wav
  - assets/sfx/dawn.wav
  - assets/sfx/door.wav
  - assets/sfx/hold.wav
  - assets/sfx/intercom.wav
  - assets/sfx/knock.wav
  - assets/sfx/outage.wav
  - assets/sfx/paper.wav
  - assets/sfx/rain.wav
  - assets/sfx/ring.wav
  - assets/sfx/scan.wav
  - assets/sfx/terminal.wav
  - assets/thumbnail.svg

