Line ids: 508 · distinct clips: 443 · already recorded: 365
  narrator   clips   48 chars  10199 · to record: 8 clips / 2005 chars
  marr       clips    7 chars    918 · to record: 0 clips / 0 chars
  openings   clips   49 chars   6942 · to record: 25 clips / 3606 chars
  residents  clips  230 chars  29759 · to record: 0 clips / 0 chars
  calls      clips   49 chars   5882 · to record: 45 clips / 5387 chars
  arcade     clips   60 chars   4723 · to record: 0 clips / 0 chars
pruned narrator_0033f281
pruned narrator_02d8a14c
pruned narrator_03e66f78
pruned narrator_140a774b
pruned narrator_148d6bea
pruned narrator_1ed1ba49
pruned narrator_1ee49228
pruned narrator_1efb9794
pruned narrator_23c19140
pruned narrator_24fde8ba
pruned narrator_2727ca2b
pruned narrator_2b0453a2
pruned narrator_2da501bf
pruned narrator_31c2c84b
pruned narrator_34937c53
pruned narrator_3b2ccbc2
pruned narrator_3f98cbb8
pruned narrator_407353cb
pruned narrator_430bf004
pruned narrator_441fda2f
pruned narrator_4b6b31f5
pruned narrator_566ab4df
pruned narrator_58e29d6c
pruned narrator_5a79f4ab
pruned narrator_5be24674
pruned narrator_5cff888e
pruned narrator_5db3fbc2
pruned narrator_5e126824
pruned narrator_60f820f8
pruned narrator_621da64d
pruned narrator_68a532e6
pruned narrator_69b3288e
pruned narrator_6c6be3d2
pruned narrator_6f21440e
pruned narrator_719dfa66
pruned narrator_740e942f
pruned narrator_745e28e5
pruned narrator_78aebb72
pruned narrator_796eb33a
pruned narrator_7a6b98c3
pruned narrator_7ce4bd75
pruned narrator_7f11eae9
pruned narrator_81949d47
pruned narrator_87acc6b9
pruned narrator_87ebf875
pruned narrator_8be30f07
pruned narrator_98a5452d
pruned narrator_a0fe6f2c
pruned narrator_a1fe5bd3
pruned narrator_a6055117
pruned narrator_aac24bff
pruned narrator_ad1b80ff
pruned narrator_ba995bc4
pruned narrator_bb7e3ba1
pruned narrator_bbffc8bc
pruned narrator_c3ca03a5
pruned narrator_c56e234e
pruned narrator_c6190b20
pruned narrator_cce15b92
pruned narrator_ccfa7a26
pruned narrator_cd06a73b
pruned narrator_d50fadac
pruned narrator_d67d217c
pruned narrator_d9349016
pruned narrator_da24a9c8
pruned narrator_da566653
pruned narrator_dab072aa
pruned narrator_db6663fa
pruned narrator_e1f7826b
pruned narrator_e3d72292
pruned narrator_e6456bd7
pruned narrator_ecd7722c
pruned narrator_ee7dfbed
pruned narrator_f2f28f8e
pruned narrator_f7b2546d
pruned narrator_fc92f518
pruned narrator_fd1e5433
pruned narrator_fd8b181e
Selected for recording: 78 clips / 10998 characters (eleven_multilingual_v2)
[1/78] narrator_05f72bdd incident/7 (102 chars, 74 KB)
[2/78] narrator_6301744b ending/survivor/2 (141 chars, 73 KB)
[3/78] narrator_fa7ea879 tutorial/card (147 chars, 72 KB)
[4/78] narrator_fec080c3 brief/1 (596 chars, 304 KB)
[5/78] narrator_bf211383 tutorial/observe (226 chars, 116 KB)
[6/78] narrator_04efef3f tutorial/register (261 chars, 124 KB)
[7/78] narrator_359876f7 tutorial/decide (212 chars, 104 KB)
[8/78] narrator_62beb97e tutorial/ask (320 chars, 165 KB)
[9/78] narrator_c4019618 opening/n1-01-ada (176 chars, 45 KB)
[10/78] narrator_ad1bc249 opening/n1-02-mara (167 chars, 41 KB)
[11/78] narrator_6d47ac95 opening/n1-06-ruth (178 chars, 46 KB)
[12/78] narrator_5455c65e opening/n2-03-selene (142 chars, 33 KB)
[13/78] narrator_d6e8e681 opening/n2-01-tomas (186 chars, 47 KB)
[14/78] narrator_4b4cbd0e opening/n2-05-nessa (135 chars, 36 KB)
[15/78] narrator_8fb0baa6 opening/n3-01-micah (150 chars, 37 KB)
[16/78] narrator_103d4a29 opening/n3-03-orin (173 chars, 40 KB)
[17/78] narrator_008989ac opening/n3-05-dalia (149 chars, 36 KB)
[18/78] narrator_e909388a opening/n3-07-ada (160 chars, 37 KB)
[19/78] narrator_0c938b39 opening/n4-03-mara (145 chars, 38 KB)
[20/78] narrator_35727fb4 opening/n4-04-ivo (107 chars, 28 KB)
[21/78] narrator_49d29f1a opening/n4-05-celia (141 chars, 38 KB)
[22/78] narrator_93bbf0b9 opening/n5-04-nessa (144 chars, 33 KB)
[23/78] narrator_5fdd3ab9 opening/n6-01-orin (148 chars, 35 KB)
[24/78] narrator_dc838b9f opening/n6-03-micah (150 chars, 39 KB)
[25/78] narrator_ee5a354e opening/n6-05-pavel (110 chars, 27 KB)
[26/78] narrator_75ef3300 opening/n6-06-anja (127 chars, 35 KB)
[27/78] narrator_85328267 opening/n6-07-ada (120 chars, 27 KB)
[28/78] narrator_d1f44be0 opening/n7-01-tomas (154 chars, 39 KB)
[29/78] narrator_ff56cebc opening/n7-03-celia (126 chars, 29 KB)
[30/78] narrator_54962f87 opening/n7-04-hadi (116 chars, 27 KB)
[31/78] narrator_6b009b42 opening/n7-05-leon (136 chars, 36 KB)
[32/78] narrator_e3604ac5 opening/n7-06-dalia (123 chars, 30 KB)
[33/78] narrator_bfcd38ea call/n1-01-ada (101 chars, 23 KB)
[34/78] narrator_c5cc1dbe opening/n7-07-orin (143 chars, 31 KB)
[35/78] narrator_3a1d6a33 call/n1-03-tomas (105 chars, 26 KB)
[36/78] narrator_365a1811 call/n1-02-mara (122 chars, 31 KB)
[37/78] narrator_0c220f2e call/n1-06-ruth (122 chars, 29 KB)
[38/78] narrator_602691b1 call/n1-05-bea (95 chars, 24 KB)
[39/78] narrator_bc6e9cd4 call/n1-07-pavel (93 chars, 24 KB)
[40/78] narrator_73bef0d3 call/n2-01-tomas (116 chars, 31 KB)
[41/78] narrator_71a68cad call/n2-02-celia (116 chars, 28 KB)
[42/78] narrator_196eec3c call/n2-03-selene (113 chars, 29 KB)
[43/78] narrator_2196f751 call/n2-04-emil (119 chars, 30 KB)
[44/78] narrator_95763a95 call/n2-05-nessa (102 chars, 29 KB)
[45/78] narrator_3d7765aa call/n2-07-hadi (125 chars, 29 KB)
[46/78] narrator_bbacf7e8 call/n3-01-micah (110 chars, 32 KB)
[47/78] narrator_a216af5f call/n3-02-june (123 chars, 31 KB)
[48/78] narrator_457ad13b call/n3-03-orin (114 chars, 30 KB)
[49/78] narrator_c24146c7 call/n3-04-leon (120 chars, 31 KB)
[50/78] narrator_8e79e55a call/n3-05-dalia (140 chars, 36 KB)
[51/78] narrator_ba5ca6d8 call/n3-06-pavel (128 chars, 30 KB)
[52/78] narrator_f696f948 call/n3-07-ada (101 chars, 23 KB)
[53/78] narrator_052caff2 call/n4-01-anja (113 chars, 29 KB)
[54/78] narrator_0d5d9cbe call/n4-02-mara (166 chars, 44 KB)
[55/78] narrator_3f4b4011 call/n4-03-mara (100 chars, 25 KB)
[56/78] narrator_e386b34e call/n4-04-ivo (96 chars, 24 KB)
[57/78] narrator_2886c3ad call/n4-05-celia (161 chars, 41 KB)
[58/78] narrator_45b8f4c5 call/n4-07-hadi (128 chars, 32 KB)
[59/78] narrator_3cf8bdf6 call/n5-01-victor (121 chars, 32 KB)
[60/78] narrator_a0289f6d call/n5-02-bea (138 chars, 35 KB)
[61/78] narrator_5d7d6cf9 call/n5-03-selene (122 chars, 33 KB)
[62/78] narrator_4b4b2fcb call/n5-04-nessa (137 chars, 34 KB)
[63/78] narrator_010afc88 call/n5-05-june (131 chars, 33 KB)
[64/78] narrator_0e5b4015 call/n5-06-emil (133 chars, 35 KB)
[65/78] narrator_63c66ed6 call/n5-07-dalia (157 chars, 37 KB)
[66/78] narrator_d52261c6 call/n6-01-orin (156 chars, 40 KB)
[67/78] narrator_883d67a7 call/n6-02-micah (133 chars, 33 KB)
[68/78] narrator_135ad5e8 call/n6-04-ruth (150 chars, 35 KB)
[69/78] narrator_47b0f570 call/n6-05-pavel (96 chars, 23 KB)
[70/78] narrator_f6c3cc67 call/n6-06-anja (115 chars, 27 KB)
[71/78] narrator_61318ec4 call/n6-07-ada (117 chars, 30 KB)
[72/78] narrator_49eed123 call/n7-01-tomas (67 chars, 20 KB)
[73/78] narrator_448bad7d call/n7-03-celia (147 chars, 34 KB)
[74/78] narrator_4019092a call/n7-02-lio (142 chars, 37 KB)
[75/78] narrator_a77af4b4 call/n7-04-hadi (126 chars, 29 KB)
[76/78] narrator_ca8357bd call/n7-05-leon (111 chars, 29 KB)
[77/78] narrator_415f2c70 call/n7-07-orin (62 chars, 16 KB)
[78/78] narrator_7475d367 call/n7-06-dalia (97 chars, 27 KB)

Recorded 78 clips (3.2 MB) in 64s; failed 0. voice.logic now lists 508 voiced line ids.
exit 0
